Connecting to: localhost:5001
Stopped at tests/debugger/client_source_multiple_2.js:15
(jerry-debugger) n
multiple-client-source-test-file-2
Stopped at tests/debugger/client_source_multiple_1.js:15
(jerry-debugger) n
multiple-client-source-test-file-1
Stopped at tests/debugger/client_source_multiple_1.js:27
(jerry-debugger) s
Stopped at tests/debugger/client_source_multiple_1.js:18 (in foo() at line:17, col:1)
(jerry-debugger) s
foo
Stopped at tests/debugger/client_source_multiple_1.js:19 (in foo() at line:17, col:1)
(jerry-debugger) s
Stopped at tests/debugger/client_source_multiple_2.js:18 (in bar() at line:17, col:1)
(jerry-debugger) s
bar
Stopped at tests/debugger/client_source_multiple_2.js:19 (in bar() at line:17, col:1)
(jerry-debugger) c
str-argument: called-from-test-file-1
crossFoo
str-argument: called-from-test-file-2
